// Jest Snapshot v1, https://goo.gl/fbAQLP

exports[`Testing Footer component 1`] = `
<footer>
  <div
    className="container"
  >
    <h2>
      Thank You!
    </h2>
    <h3>
      Melissa & Robert
    </h3>
    <p>
      Copyright 
      2018
       | Designed By: 
      <a
        href="mailto:rskwiat@gmail.com"
      >
        The Groom
      </a>
    </p>
  </div>
</footer>
`;
