// Jest Snapshot v1, https://goo.gl/fbAQLP

exports[`Application should mount 1`] = `
<nav>
  <ul
    className="desktopNav"
  >
    <NavLink
      key="0"
      title="Home"
      url="/"
    />
    <NavLink
      key="1"
      title="Wedding"
      url="/wedding"
    />
    <NavLink
      key="2"
      title="RSVP"
      url="/rsvp"
    />
    <NavLink
      key="3"
      title="Registry"
      url="/registry"
    />
  </ul>
</nav>
`;
